// Jest Snapshot v1, https://goo.gl/fbAQLP

exports[`HomeScreen Renders correctly 1`] = `
<View
  style={
    Object {
      "alignItems": "center",
      "flex": 1,
      "paddingVertical": 48,
    }
  }
>
  <View
    accessible={true}
    focusable={true}
    onClick={[Function]}
    onResponderGrant={[Function]}
    onResponderMove={[Function]}
    onResponderRelease={[Function]}
    onResponderTerminate={[Function]}
    onResponderTerminationRequest={[Function]}
    onStartShouldSetResponder={[Function]}
    style={
      Object {
        "marginVertical": 6,
        "opacity": 1,
      }
    }
  >
    <Text
      style={
        Object {
          "fontWeight": "600",
        }
      }
    >
      Issues
    </Text>
  </View>
  <View
    accessible={true}
    focusable={true}
    onClick={[Function]}
    onResponderGrant={[Function]}
    onResponderMove={[Function]}
    onResponderRelease={[Function]}
    onResponderTerminate={[Function]}
    onResponderTerminationRequest={[Function]}
    onStartShouldSetResponder={[Function]}
    style={
      Object {
        "marginVertical": 6,
        "opacity": 1,
      }
    }
  >
    <Text
      style={
        Object {
          "fontWeight": "600",
        }
      }
    >
      Repositories
    </Text>
  </View>
  <View
    accessible={true}
    focusable={true}
    onClick={[Function]}
    onResponderGrant={[Function]}
    onResponderMove={[Function]}
    onResponderRelease={[Function]}
    onResponderTerminate={[Function]}
    onResponderTerminationRequest={[Function]}
    onStartShouldSetResponder={[Function]}
    style={
      Object {
        "marginVertical": 6,
        "opacity": 1,
      }
    }
  >
    <Text
      style={
        Object {
          "fontWeight": "600",
        }
      }
    >
      Pull Requests
    </Text>
  </View>
</View>
`;
